"v1 (1 0) pulse (0 1) "
".print tran v(1) "
".tran 0 1 "
#Time       v(1)      
 0.         0.        
 0.01       1.        
 0.02       1.        
 0.03       1.        
 0.04       1.        
 0.05       1.        
 1.         1.        
"r1 (2 0) 1 "
".tran "
#Time       v(1)      
 0.         0.        
 0.01       1.        
 0.02       1.        
 0.03       1.        
 0.04       1.        
 0.05       1.        
 1.         1.        
".end "
